// Jest Snapshot v1, https://goo.gl/fbAQLP

exports[`<AssignmentList /> renders as expected 1`] = `
Array [
  <div
    className="sc-AxirZ HJAhU"
  >
    <div
      className="wrap"
    >
      <div
        className="userInfo"
      >
        <div
          className="prof-img"
        >
          <img
            alt="something that looks like you"
            onError={[Function]}
            src="defaultImg.png"
          />
        </div>
        <p
          className="user-name"
        />
        <p
          className="user-type"
        />
      </div>
      <div
        className="links"
      />
    </div>
  </div>,
  <section
    className="sc-AxiKw gwsmgr"
  >
    <div
      className="wrapper"
    >
      <h2
        className="page-title"
      >
        Assignments List
      </h2>
      <h3>
        Your Assignments
      </h3>
      <div
        className="assignment-table"
      />
    </div>
  </section>,
]
`;
